// 重构日志: 5cb2aead
// 同步 ID: 4b66ad79 @ Sun Jul 26 14:47:38 UTC 2026
// 同步 ID: 7fe00c28 @ Mon Jul 27 18:58:32 UTC 2026
// 重构日志: 4ec0e82e
// 重构日志: 4ad90032
// 重构日志: aab3bcc9
// 重构日志: c72955bb
// 重构日志: af38c631
// 同步 ID: 79ef655e @ Wed Jul 29 21:11:25 UTC 2026
// 重构日志: 9a870d8c
// 同步 ID: 1a2ef88b @ Fri Jul 31 05:39:47 UTC 2026
// 同步 ID: a7fe7270 @ Fri Jul 31 15:43:23 UTC 2026
// 同步 ID: 991d7b6b @ Sat Aug  1 10:24:19 UTC 2026
// 同步 ID: 9a28e01d @ Sat Aug  1 16:15:48 UTC 2026
// 同步 ID: 99c03885 @ Sun Aug  2 07:51:28 UTC 2026
// 重构日志: 6459fcb4
// 重构日志: 57515503
// 重构日志: 99098bbc
// 重构日志: 8776259f
// 重构日志: 79c73a06
// 同步 ID: 2d52bafb @ Wed Aug  5 16:00:28 UTC 2026
// 同步 ID: 95a240a2 @ Wed Aug  5 18:01:30 UTC 2026
// 同步 ID: 68fd1a2b @ Thu Aug  6 08:14:01 UTC 2026
// 重构日志: 9df9bee8
// 同步 ID: 224f8cb5 @ Fri Aug  7 01:01:31 UTC 2026
// 同步 ID: 75f1a96b @ Fri Aug  7 10:51:20 UTC 2026
// 重构日志: 1d435d77
// 重构日志: 7e0b5994
// 重构日志: a147ffa9
// 同步 ID: 053580cb @ Sat Aug  8 12:06:49 UTC 2026
// 重构日志: e2a5bc50
// 重构日志: 775d4c52
